// Jest Snapshot v1, https://goo.gl/fbAQLP

exports[`CartProduct component should be render match to snapshot 1`] = `
<div>
  <div
    class="className h-table overflow-y-auto scrollbar"
  >
    <table
      class="border-separate border-spacing-y-tb-md text-dark"
    >
      <tbody
        class="relative max-h-96"
      >
        <tr
          class="capitalize bg-gray-light relative h-60"
        >
          <td
            class="lg:text-2xl md:text-lg text-xs p-3 w-tb-sm px-10"
          >
            <div
              class="w-32 h-32"
            >
              <div
                class="relative inline-flex items-center justify-center w-full h-full"
              >
                <img
                  alt="Basic T-Shirt"
                  data-nimg="fill"
                  decoding="async"
                  loading="lazy"
                  sizes="100vw"
                  src="/_next/image?url=https%3A%2F%2Fi.ibb.co%2FnjkCQHq%2Ft-shirt-3.webp&w=3840&q=75"
                  srcset="/_next/image?url=https%3A%2F%2Fi.ibb.co%2FnjkCQHq%2Ft-shirt-3.webp&w=640&q=75 640w, /_next/image?url=https%3A%2F%2Fi.ibb.co%2FnjkCQHq%2Ft-shirt-3.webp&w=750&q=75 750w, /_next/image?url=https%3A%2F%2Fi.ibb.co%2FnjkCQHq%2Ft-shirt-3.webp&w=828&q=75 828w, /_next/image?url=https%3A%2F%2Fi.ibb.co%2FnjkCQHq%2Ft-shirt-3.webp&w=1080&q=75 1080w, /_next/image?url=https%3A%2F%2Fi.ibb.co%2FnjkCQHq%2Ft-shirt-3.webp&w=1200&q=75 1200w, /_next/image?url=https%3A%2F%2Fi.ibb.co%2FnjkCQHq%2Ft-shirt-3.webp&w=1920&q=75 1920w, /_next/image?url=https%3A%2F%2Fi.ibb.co%2FnjkCQHq%2Ft-shirt-3.webp&w=2048&q=75 2048w, /_next/image?url=https%3A%2F%2Fi.ibb.co%2FnjkCQHq%2Ft-shirt-3.webp&w=3840&q=75 3840w"
                  style="position: absolute; height: 100%; width: 100%; left: 0px; top: 0px; right: 0px; bottom: 0px; object-fit: cover; color: transparent; background-size: cover; background-position: 50% 50%; background-repeat: no-repeat;"
                />
              </div>
            </div>
            <div>
              <div
                class="flex gap-5 items-center absolute bottom-5"
              >
                <p
                  class="text-second text-lg font-bold cursor-pointer lowercase"
                >
                  products notes
                </p>
                <button
                  class="relative inline-flex items-center justify-center"
                >
                  <img
                    alt="arrow icon"
                    data-nimg="1"
                    decoding="async"
                    height="24"
                    loading="lazy"
                    src="/arrow.svg"
                    style="color: transparent;"
                    width="24"
                  />
                </button>
              </div>
            </div>
          </td>
          <td
            class="lg:text-2xl md:text-lg text-xs p-3 w-tb-md"
          >
            <p
              class="font-bold text-black text-2xl"
            >
              Basic T-Shirt
            </p>
            <span
              class="font-normal text-gray-500 text-2xl md:text-lg text-xs"
            >
              Color: 
              White
            </span>
          </td>
          <td
            class="lg:text-2xl md:text-lg text-xs p-3 w-tb-md text-center"
          >
            <p
              class="font-bold text-black text-2xl"
            >
              $ 
              15
               USD
            </p>
            <span
              class="font-normal text-gray-500 text-2xl md:text-lg text-xs"
            >
              Price
            </span>
          </td>
          <td
            class="lg:text-2xl md:text-lg text-xs p-3 w-tb-md text-center"
          >
            <p
              class="font-bold text-black text-2xl"
            >
              1710
            </p>
            <span
              class="font-normal text-gray-500 text-2xl md:text-lg text-xs"
            >
              In Stock
            </span>
          </td>
          <td
            class="lg:text-2xl md:text-lg text-xs p-3 w-tb-sm text-center"
          >
            <div
              class="w-6 h-6 relative"
            >
              <button
                class="relative inline-flex items-center justify-center"
              >
                <img
                  alt="Delete"
                  data-nimg="1"
                  decoding="async"
                  fetchpriority="high"
                  height="24"
                  src="/delete.svg"
                  style="color: transparent;"
                  width="24"
                />
              </button>
            </div>
            <div
              class="flex items-center gap-4 font-bold bg-white w-36 h-12 justify-center className absolute bottom-5 right-20"
            >
              <button
                class="relative inline-flex items-center justify-center"
              >
                <img
                  alt="minus icon"
                  data-nimg="1"
                  decoding="async"
                  fetchpriority="high"
                  height="24"
                  src="/minus.svg"
                  style="color: transparent;"
                  width="24"
                />
              </button>
              <span
                class="px-2"
              >
                2
              </span>
              <button
                class="relative inline-flex items-center justify-center"
              >
                <img
                  alt="plus icon"
                  data-nimg="1"
                  decoding="async"
                  fetchpriority="high"
                  height="24"
                  src="/plus.svg"
                  style="color: transparent;"
                  width="24"
                />
              </button>
            </div>
          </td>
        </tr>
        <tr
          class="capitalize bg-gray-light relative h-60"
        >
          <td
            class="lg:text-2xl md:text-lg text-xs p-3 w-tb-sm px-10"
          >
            <div
              class="w-32 h-32"
            >
              <div
                class="relative inline-flex items-center justify-center w-full h-full"
              >
                <img
                  alt="Sporty T-Shirt"
                  data-nimg="fill"
                  decoding="async"
                  loading="lazy"
                  sizes="100vw"
                  src="/_next/image?url=https%3A%2F%2Fi.ibb.co%2FWtgcmWR%2Ft-shirt-2.webp&w=3840&q=75"
                  srcset="/_next/image?url=https%3A%2F%2Fi.ibb.co%2FWtgcmWR%2Ft-shirt-2.webp&w=640&q=75 640w, /_next/image?url=https%3A%2F%2Fi.ibb.co%2FWtgcmWR%2Ft-shirt-2.webp&w=750&q=75 750w, /_next/image?url=https%3A%2F%2Fi.ibb.co%2FWtgcmWR%2Ft-shirt-2.webp&w=828&q=75 828w, /_next/image?url=https%3A%2F%2Fi.ibb.co%2FWtgcmWR%2Ft-shirt-2.webp&w=1080&q=75 1080w, /_next/image?url=https%3A%2F%2Fi.ibb.co%2FWtgcmWR%2Ft-shirt-2.webp&w=1200&q=75 1200w, /_next/image?url=https%3A%2F%2Fi.ibb.co%2FWtgcmWR%2Ft-shirt-2.webp&w=1920&q=75 1920w, /_next/image?url=https%3A%2F%2Fi.ibb.co%2FWtgcmWR%2Ft-shirt-2.webp&w=2048&q=75 2048w, /_next/image?url=https%3A%2F%2Fi.ibb.co%2FWtgcmWR%2Ft-shirt-2.webp&w=3840&q=75 3840w"
                  style="position: absolute; height: 100%; width: 100%; left: 0px; top: 0px; right: 0px; bottom: 0px; object-fit: cover; color: transparent; background-size: cover; background-position: 50% 50%; background-repeat: no-repeat;"
                />
              </div>
            </div>
            <div>
              <div
                class="flex gap-5 items-center absolute bottom-5"
              >
                <p
                  class="text-second text-lg font-bold cursor-pointer lowercase"
                >
                  products notes
                </p>
                <button
                  class="relative inline-flex items-center justify-center"
                >
                  <img
                    alt="arrow icon"
                    data-nimg="1"
                    decoding="async"
                    height="24"
                    loading="lazy"
                    src="/arrow.svg"
                    style="color: transparent;"
                    width="24"
                  />
                </button>
              </div>
            </div>
          </td>
          <td
            class="lg:text-2xl md:text-lg text-xs p-3 w-tb-md"
          >
            <p
              class="font-bold text-black text-2xl"
            >
              Sporty T-Shirt
            </p>
            <span
              class="font-normal text-gray-500 text-2xl md:text-lg text-xs"
            >
              Color: 
              Blue
            </span>
          </td>
          <td
            class="lg:text-2xl md:text-lg text-xs p-3 w-tb-md text-center"
          >
            <p
              class="font-bold text-black text-2xl"
            >
              $ 
              25
               USD
            </p>
            <span
              class="font-normal text-gray-500 text-2xl md:text-lg text-xs"
            >
              Price
            </span>
          </td>
          <td
            class="lg:text-2xl md:text-lg text-xs p-3 w-tb-md text-center"
          >
            <p
              class="font-bold text-black text-2xl"
            >
              1118
            </p>
            <span
              class="font-normal text-gray-500 text-2xl md:text-lg text-xs"
            >
              In Stock
            </span>
          </td>
          <td
            class="lg:text-2xl md:text-lg text-xs p-3 w-tb-sm text-center"
          >
            <div
              class="w-6 h-6 relative"
            >
              <button
                class="relative inline-flex items-center justify-center"
              >
                <img
                  alt="Delete"
                  data-nimg="1"
                  decoding="async"
                  fetchpriority="high"
                  height="24"
                  src="/delete.svg"
                  style="color: transparent;"
                  width="24"
                />
              </button>
            </div>
            <div
              class="flex items-center gap-4 font-bold bg-white w-36 h-12 justify-center className absolute bottom-5 right-20"
            >
              <button
                class="relative inline-flex items-center justify-center opacity-20"
                disabled=""
              >
                <img
                  alt="minus icon"
                  data-nimg="1"
                  decoding="async"
                  fetchpriority="high"
                  height="24"
                  src="/minus.svg"
                  style="color: transparent;"
                  width="24"
                />
              </button>
              <span
                class="px-2"
              >
                1
              </span>
              <button
                class="relative inline-flex items-center justify-center"
              >
                <img
                  alt="plus icon"
                  data-nimg="1"
                  decoding="async"
                  fetchpriority="high"
                  height="24"
                  src="/plus.svg"
                  style="color: transparent;"
                  width="24"
                />
              </button>
            </div>
          </td>
        </tr>
      </tbody>
    </table>
  </div>
</div>
`;
