// Jest Snapshot v1, https://goo.gl/fbAQLP

exports[`Hero component should be render match to snapshot 1`] = `
<div>
  <div
    class="relative w-full h-full overflow-hidden py-10 px-28"
  >
    <div
      class="relative z-10"
    >
      Test
    </div>
    <div
      class="absolute inset-0 bg-gradient-primary "
    />
  </div>
</div>
`;
