// Jest Snapshot v1, https://goo.gl/fbAQLP

exports[`Card Image component should be render match to snapshot 1`] = `
<div>
  <div
    class="relative inline-flex items-center justify-center"
  >
    <img
      alt="Jean Image"
      height="350"
      placeholder="empty"
      src="https://i.ibb.co/52YmKP4/jean-3-1.webp"
      style="object-fit: cover;"
      width="590"
    />
    <div
      class="absolute bg-white h-14 w-11/12 text-2xl font-bold text-purple-500 right-0 p-2 overflow-hidden truncate bottom-10"
    >
      Title jean
    </div>
  </div>
</div>
`;
