// Jest Snapshot v1, https://goo.gl/fbAQLP

exports[`CarouselProduct should be render match to snapshot 1`] = `
<div>
  <div
    class="className w-full h-full bg-gradient-primary lg:flex block justify-between py-20 xl:pr-32 pr-5"
  >
    <div
      class="flex"
    >
      <div
        class="w-full flex items-center justify-center"
      >
        <div
          class="transition-all duration-300 ease-in-out mb-2 relative"
        >
          <div
            class="relative inline-flex items-center justify-center"
          >
            <img
              alt="Sporty T-Shirt"
              class="cursor-pointer w-52 h-32"
              data-nimg="1"
              decoding="async"
              height="130"
              loading="lazy"
              src="/_next/image?url=https%3A%2F%2Fi.ibb.co%2FWtgcmWR%2Ft-shirt-2.webp&w=640&q=75"
              srcset="/_next/image?url=https%3A%2F%2Fi.ibb.co%2FWtgcmWR%2Ft-shirt-2.webp&w=256&q=75 1x, /_next/image?url=https%3A%2F%2Fi.ibb.co%2FWtgcmWR%2Ft-shirt-2.webp&w=640&q=75 2x"
              style="color: transparent; object-fit: cover; background-size: cover; background-position: 50% 50%; background-repeat: no-repeat;"
              width="200"
            />
          </div>
          <img
            alt="icon Ellipse"
            class="absolute -left-1 mt-5"
            data-nimg="1"
            decoding="async"
            height="21"
            loading="lazy"
            src="/ellipse.svg"
            style="color: transparent;"
            width="321"
          />
        </div>
        <div
          class="relative w-card-sm flex items-center justify-center"
        >
          <div
            class="absolute left-10"
          >
            <div
              class="relative inline-flex items-center justify-center cursor-pointer"
            >
              <img
                alt="icon arrow left"
                class="bg-white p-1 z-10"
                data-nimg="1"
                decoding="async"
                fetchpriority="high"
                height="40"
                src="/arrow-left.svg"
                style="color: transparent;"
                width="40"
              />
            </div>
          </div>
          <div
            class="mt-5"
          >
            <div
              class="relative inline-flex items-center justify-center"
            >
              <img
                alt="Basic T-Shirt"
                class="transition-transform duration-300 ease-in-out w-slide-sm h-slide-img-md"
                data-nimg="1"
                decoding="async"
                height="428"
                loading="lazy"
                src="/_next/image?url=https%3A%2F%2Fi.ibb.co%2FnjkCQHq%2Ft-shirt-3.webp&w=640&q=75"
                srcset="/_next/image?url=https%3A%2F%2Fi.ibb.co%2FnjkCQHq%2Ft-shirt-3.webp&w=384&q=75 1x, /_next/image?url=https%3A%2F%2Fi.ibb.co%2FnjkCQHq%2Ft-shirt-3.webp&w=640&q=75 2x"
                style="color: transparent; object-fit: cover; background-size: cover; background-position: 50% 50%; background-repeat: no-repeat;"
                width="314"
              />
            </div>
            <img
              alt="icon Ellipse"
              class="mx-auto mt-5"
              data-nimg="1"
              decoding="async"
              height="21"
              loading="lazy"
              src="/ellipse.svg"
              style="color: transparent;"
              width="314"
            />
          </div>
          <div
            class="absolute right-10"
          >
            <div
              class="relative inline-flex items-center justify-center cursor-pointer"
            >
              <img
                alt="icon arrow right"
                class="bg-white p-1 z-10"
                data-nimg="1"
                decoding="async"
                fetchpriority="high"
                height="40"
                src="/arrow-right.svg"
                style="color: transparent;"
                width="40"
              />
            </div>
          </div>
        </div>
      </div>
    </div>
    <div
      class="flex-1 ml-10 flex flex-col justify-center max-w-card-sm"
    >
      <h2
        class="font-bold text-white md:text-2xl text-md className xl:text-5xl text-4xl"
      >
        Basic T-Shirt
      </h2>
      <div
        class="flex justify-between mb-6"
      >
        <div>
          <p
            class="font-bold text-white lg:text-lg text-sm"
          >
            Color
          </p>
          <div
            class="mt-4 flex items-center gap-3"
          >
            <button
              aria-label="White-picker"
              class="h-4 w-4 rounded-full focus:border focus:border-green-800 border border-dark"
              id="White"
              style="background-color: White;"
            />
            <button
              aria-label="Blue-picker"
              class="h-4 w-4 rounded-full focus:border focus:border-green-800"
              id="Blue"
              style="background-color: Blue;"
            />
            <button
              aria-label="Green-picker"
              class="h-4 w-4 rounded-full focus:border focus:border-green-800"
              id="Green"
              style="background-color: Green;"
            />
          </div>
        </div>
        <div
          class="ml-4 flex items-center"
        >
          <div
            class="relative inline-flex items-center justify-center"
          >
            <img
              alt="rating"
              data-nimg="1"
              decoding="async"
              height="24"
              loading="lazy"
              src="star.svg"
              style="color: transparent;"
              width="152"
            />
          </div>
          <span
            class="font-thin text-white text-sm"
          >
            ( 
            10k
             )
          </span>
        </div>
      </div>
      <div
        class="flex justify-between items-center mb-4"
      >
        <div
          class="mb-6"
        >
          <span
            class="font-bold text-white lg:text-lg text-sm"
          >
            Size
          </span>
          <div
            class="flex gap-4 mt-2"
          >
            <button
              class="w-6 h-6 bg-white rounded-full drop-shadow-lg text-sm focus:text-second focus:font-bold"
            >
              S
            </button>
            <button
              class="w-6 h-6 bg-white rounded-full drop-shadow-lg text-sm focus:text-second focus:font-bold"
            >
              M
            </button>
            <button
              class="w-6 h-6 bg-white rounded-full drop-shadow-lg text-sm focus:text-second focus:font-bold"
            >
              L
            </button>
          </div>
        </div>
        <span
          class="font-semibold text-white md:text-2xl text-md className xl:text-heading text-4xl"
        >
          15
          $
        </span>
      </div>
      <p
        class="font-thin text-gray-200 text-sm my-5"
      >
        A comfortable and stylish basic t-shirt.
      </p>
      <button
        class="truncate md:h-12 h-8 md:text-lg md:w-btn-md w-28 text-xs bg-white text-purple-500 font-bold"
      >
        Order Now
      </button>
    </div>
  </div>
</div>
`;
